// Jest Snapshot v1, https://goo.gl/fbAQLP

exports[`ExternalLink Should render and match the snapshot 1`] = `
.c0 {
  color: #575756;
  text-decoration: none;
}

.c1 {
  position: absolute !important;
  width: 1px !important;
  height: 1px !important;
  margin: -1px !important;
  padding: 0 !important;
  border: 0 !important;
  overflow: hidden !important;
  -webkit-clip: rect(0 0 0 0) !important;
  clip: rect(0 0 0 0) !important;
}

<a
  className="c0"
  href="#"
  rel="noopener noreferrer"
  target="_blank"
>
  <span
    aria-hidden={true}
    className="fa fa-meh-o"
  />
  <span
    className="c1"
  >
    ExternalLink to
  </span>
</a>
`;
