// Jest Snapshot v1, https://goo.gl/fbAQLP

exports[`StyledSection Should render and match the snapshot 1`] = `
.c0 {
  -webkit-align-self: center;
  -ms-flex-item-align: center;
  align-self: center;
  height: 100%;
  padding-right: 0;
}

@media (min-width:37.5em) {
  .c0 {
    padding-right: 7.125rem;
  }
}

@media (min-width:120rem) {
  .c0 {
    padding: 0 17vw;
  }
}

<section
  className="c0"
/>
`;
