// Jest Snapshot v1, https://goo.gl/fbAQLP

exports[`SiteNavigationIcon Should render and match the snapshot 1`] = `
.c0 {
  display: none !important;
}

@media (min-width:37.5em) {
  .c0 {
    display: inherit !important;
    -webkit-transform: rotate(-90deg);
    -ms-transform: rotate(-90deg);
    transform: rotate(-90deg);
    margin: 0;
  }
}

<span
  aria-hidden={true}
  className="fa fa-home fa-fw c0"
/>
`;
