// Jest Snapshot v1, https://goo.gl/fbAQLP

exports[`StyledUL Should render and match the snapshot 1`] = `
.c0 {
  display: -webkit-box;
  display: -webkit-flex;
  display: -ms-flexbox;
  display: flex;
  -webkit-box-pack: space-around;
  -webkit-justify-content: space-around;
  -ms-flex-pack: space-around;
  justify-content: space-around;
  list-style: none;
  margin: 0;
  padding: 0;
}

@media (min-width:37.5em) {
  .c0 {
    -webkit-box-pack: start;
    -webkit-justify-content: flex-start;
    -ms-flex-pack: start;
    justify-content: flex-start;
  }
}

<ul
  className="c0"
/>
`;
